[    0.000000] Initializing cgroup subsys cpuset
[    0.000000] Initializing cgroup subsys cpu
[    0.000000] Linux version 3.2.9+ (hemang@meghdoot) (gcc version 4.4.5 (GCC) ) #17 SMP Fri Aug 31 18:23:09 IST 2012
[    0.000000] BIOS-provided physical RAM map:
[    0.000000]  BIOS-e820: 0000000000000000 - 000000000009f400 (usable)
[    0.000000]  BIOS-e820: 000000000009f400 - 00000000000a0000 (reserved)
[    0.000000]  BIOS-e820: 00000000000f0000 - 0000000000100000 (reserved)
[    0.000000]  BIOS-e820: 0000000000100000 - 0000000007ffd000 (usable)
[    0.000000]  BIOS-e820: 0000000007ffd000 - 0000000008000000 (reserved)
[    0.000000]  BIOS-e820: 00000000fffc0000 - 0000000100000000 (reserved)
[    0.000000] Notice: NX (Execute Disable) protection missing in CPU!
[    0.000000] DMI 2.4 present.
[    0.000000] last_pfn = 0x7ffd max_arch_pfn = 0x100000
[    0.000000] found SMP MP-table at [c00f8000] f8000
[    0.000000] init_memory_mapping: 0000000000000000-0000000007ffd000
[    0.000000] ACPI: RSDP 000f7fb0 00014 (v00 BOCHS )
[    0.000000] ACPI: RSDT 07ffde30 00034 (v01 BOCHS  BXPCRSDT 00000001 BXPC 00000001)
[    0.000000] ACPI: FACP 07fffe70 00074 (v01 BOCHS  BXPCFACP 00000001 BXPC 00000001)
[    0.000000] ACPI: DSDT 07ffdfd0 01E22 (v01   BXPC   BXDSDT 00000001 INTL 20090123)
[    0.000000] ACPI: FACS 07fffe00 00040
[    0.000000] ACPI: SSDT 07ffdf90 00037 (v01 BOCHS  BXPCSSDT 00000001 BXPC 00000001)
[    0.000000] ACPI: APIC 07ffdeb0 00072 (v01 BOCHS  BXPCAPIC 00000001 BXPC 00000001)
[    0.000000] ACPI: HPET 07ffde70 00038 (v01 BOCHS  BXPCHPET 00000001 BXPC 00000001)
[    0.000000] 0MB HIGHMEM available.
[    0.000000] 127MB LOWMEM available.
[    0.000000]   mapped low ram: 0 - 07ffd000
[    0.000000]   low ram: 0 - 07ffd000
[    0.000000] Zone PFN ranges:
[    0.000000]   DMA      0x00000010 -> 0x00001000
[    0.000000]   Normal   0x00001000 -> 0x00007ffd
[    0.000000]   HighMem  empty
[    0.000000] Movable zone start PFN for each node
[    0.000000] early_node_map[2] active PFN ranges
[    0.000000]     0: 0x00000010 -> 0x0000009f
[    0.000000]     0: 0x00000100 -> 0x00007ffd
[    0.000000] Using APIC driver default
[    0.000000] ACPI: PM-Timer IO Port: 0xb008
[    0.000000] ACPI: LAPIC (acpi_id[0x00] lapic_id[0x00] enabled)
[    0.000000] ACPI: IOAPIC (id[0x01] address[0xfec00000] gsi_base[0])
[    0.000000] IOAPIC[0]: apic_id 1, version 17, address 0xfec00000, GSI 0-23
[    0.000000] ACPI: INT_SRC_OVR (bus 0 bus_irq 0 global_irq 2 dfl dfl)
[    0.000000] ACPI: INT_SRC_OVR (bus 0 bus_irq 5 global_irq 5 high level)
[    0.000000] ACPI: INT_SRC_OVR (bus 0 bus_irq 9 global_irq 9 high level)
[    0.000000] ACPI: INT_SRC_OVR (bus 0 bus_irq 10 global_irq 10 high level)
[    0.000000] ACPI: INT_SRC_OVR (bus 0 bus_irq 11 global_irq 11 high level)
[    0.000000] Using ACPI (MADT) for SMP configuration information
[    0.000000] ACPI: HPET id: 0x8086a201 base: 0xfed00000
[    0.000000] SMP: Allowing 1 CPUs, 0 hotplug CPUs
[    0.000000] PM: Registered nosave memory: 000000000009f000 - 00000000000a0000
[    0.000000] PM: Registered nosave memory: 00000000000a0000 - 00000000000f0000
[    0.000000] PM: Registered nosave memory: 00000000000f0000 - 0000000000100000
[    0.000000] Allocating PCI resources starting at 8000000 (gap: 8000000:f7fc0000)
[    0.000000] setup_percpu: NR_CPUS:8 nr_cpumask_bits:8 nr_cpu_ids:1 nr_node_ids:1
[    0.000000] PERCPU: Embedded 13 pages/cpu @c7800000 s29632 r0 d23616 u4194304
[    0.000000] Built 1 zonelists in Zone order, mobility grouping on.  Total pages: 32396
[    0.000000] Kernel command line: console=ttyS0
[    0.000000] PID hash table entries: 512 (order: -1, 2048 bytes)
[    0.000000] Dentry cache hash table entries: 16384 (order: 4, 65536 bytes)
[    0.000000] Inode-cache hash table entries: 8192 (order: 3, 32768 bytes)
[    0.000000] Initializing CPU#0
[    0.000000] Initializing HighMem for node 0 (00000000:00000000)
[    0.000000] Memory: 119724k/131060k available (6080k kernel code, 10884k reserved, 2387k data, 452k init, 0k highmem)
[    0.000000] virtual kernel memory layout:
[    0.000000]     fixmap  : 0xfff16000 - 0xfffff000   ( 932 kB)
[    0.000000]     pkmap   : 0xff800000 - 0xffc00000   (4096 kB)
[    0.000000]     vmalloc : 0xc87fd000 - 0xff7fe000   ( 880 MB)
[    0.000000]     lowmem  : 0xc0000000 - 0xc7ffd000   ( 127 MB)
[    0.000000]       .init : 0xc1848000 - 0xc18b9000   ( 452 kB)
[    0.000000]       .data : 0xc15f008e - 0xc1844fc0   (2387 kB)
[    0.000000]       .text : 0xc1000000 - 0xc15f008e   (6080 kB)
[    0.000000] Checking if this processor honours the WP bit even in supervisor mode...Ok.
[    0.000000] SLUB: Genslabs=15, HWalign=32, Order=0-3, MinObjects=0, CPUs=1, Nodes=1
[    0.000000] Hierarchical RCU implementation.
[    0.000000] NR_IRQS:2304 nr_irqs:256 16
[    0.000000] Console: colour VGA+ 80x25
[    0.000000] console [ttyS0] enabled
[    0.000000] Fast TSC calibration using PIT
[    0.000000] Detected 3465.935 MHz processor.
[    0.003214] Calibrating delay loop (skipped), value calculated using timer frequency.. 6931.87 BogoMIPS (lpj=3465935)
[    0.004196] pid_max: default: 32768 minimum: 301
[    0.005239] Security Framework initialized
[    0.006519] Mount-cache hash table entries: 512
[    0.010885] Initializing cgroup subsys cpuacct
[    0.011120] Initializing cgroup subsys freezer
[    0.012905] SMP alternatives: switching to UP code
[    0.034933] Freeing SMP alternatives: 24k freed
[    0.035146] ACPI: Core revision 20110623
[    0.051257] Enabling APIC mode:  Flat.  Using 1 I/O APICs
[    0.053437] ..TIMER: vector=0x30 apic1=0 pin1=2 apic2=-1 pin2=-1
[    0.064368] CPU0: Intel QEMU Virtual CPU version 0.13.0 stepping 03
[    0.064994] Performance Events: Broken PMU hardware detected, using software events only.
[    0.068298] Brought up 1 CPUs
[    0.068431] Total of 1 processors activated (6931.87 BogoMIPS).
[    0.075598] RTC time: 12:53:47, date: 08/31/12
[    0.076664] NET: Registered protocol family 16
[    0.077444] 
[    0.077451] -------------------------------
[    0.077457] Version (a random string) is: Linux-3.0
[    0.077464] --------------------------------------
[    0.077862] 
[    0.077871] -------------------------Linux-325--------------------------- --------------
[    0.078024] 
[    0.078030] -------------------------Linux-325--------------------------- --------------
[    0.078302] All global constructors have been called!!
[    0.081907] kworker/u:0 used greatest stack depth: 7160 bytes left
[    0.088435] ACPI: bus type pci registered
[    0.090838] PCI: PCI BIOS revision 2.10 entry at 0xffe77, last bus=0
[    0.091038] PCI: Using configuration type 1 for base access
[    0.120094] kworker/u:0 used greatest stack depth: 7112 bytes left
[    0.180570] bio: create slab <bio-0> at 0
[    0.182827] ACPI: Added _OSI(Module Device)
[    0.183040] ACPI: Added _OSI(Processor Device)
[    0.183167] ACPI: Added _OSI(3.0 _SCP Extensions)
[    0.183313] ACPI: Added _OSI(Processor Aggregator Device)
[    0.203091] ACPI: Interpreter enabled
[    0.203241] ACPI: (supports S0 S3 S4 S5)
[    0.203841] ACPI: Using IOAPIC for interrupt routing
[    0.246868] ACPI: No dock devices found.
[    0.247049] PCI: Ignoring host bridge windows from ACPI; if necessary, use "pci=use_crs" and report a bug
[    0.248692] ACPI: PCI Root Bridge [PCI0] (domain 0000 [bus 00-ff])
[    0.252040] pci 0000:00:01.3: quirk: [io  0xb000-0xb03f] claimed by PIIX4 ACPI
[    0.252283] pci 0000:00:01.3: quirk: [io  0xb100-0xb10f] claimed by PIIX4 SMB
[    0.259094]  pci0000:00: Unable to request _OSC control (_OSC support mask: 0x1e)
[    0.278175] ACPI: PCI Interrupt Link [LNKA] (IRQs 5 *10 11)
[    0.279019] ACPI: PCI Interrupt Link [LNKB] (IRQs 5 *10 11)
[    0.279612] ACPI: PCI Interrupt Link [LNKC] (IRQs 5 10 *11)
[    0.280397] ACPI: PCI Interrupt Link [LNKD] (IRQs 5 10 *11)
[    0.285763] vgaarb: device added: PCI:0000:00:02.0,decodes=io+mem,owns=io+mem,locks=none
[    0.286052] vgaarb: loaded
[    0.286157] vgaarb: bridge control possible 0000:00:02.0
[    0.288504] SCSI subsystem initialized
[    0.292546] usbcore: registered new interface driver usbfs
[    0.293328] usbcore: registered new interface driver hub
[    0.294115] usbcore: registered new device driver usb
[    0.297669] Advanced Linux Sound Architecture Driver Version 1.0.24.
[    0.298029] PCI: Using ACPI for IRQ routing
[    0.305369] cfg80211: Calling CRDA to update world regulatory domain
[    0.308823] NetLabel: Initializing
[    0.308933] NetLabel:  domain hash size = 128
[    0.308999] NetLabel:  protocols = UNLABELED CIPSOv4
[    0.309479] NetLabel:  unlabeled traffic allowed by default
[    0.311119] HPET: 3 timers in total, 0 timers will be used for per-cpu timer
[    0.311478] hpet0: at MMIO 0xfed00000, IRQs 2, 8, 0
[    0.311706] hpet0: 3 comparators, 64-bit 100.000000 MHz counter
[    0.321488] Switching to clocksource hpet
[    0.344328] pnp: PnP ACPI init
[    0.344530] ACPI: bus type pnp registered
[    0.353841] pnp: PnP ACPI: found 8 devices
[    0.353986] ACPI: ACPI bus type pnp unregistered
[    0.423193] NET: Registered protocol family 2
[    0.424225] IP route cache hash table entries: 1024 (order: 0, 4096 bytes)
[    0.426788] TCP established hash table entries: 4096 (order: 3, 32768 bytes)
[    0.427178] TCP bind hash table entries: 4096 (order: 3, 32768 bytes)
[    0.427467] TCP: Hash tables configured (established 4096 bind 4096)
[    0.427669] TCP reno registered
[    0.427853] UDP hash table entries: 128 (order: 0, 4096 bytes)
[    0.428150] UDP-Lite hash table entries: 128 (order: 0, 4096 bytes)
[    0.429202] NET: Registered protocol family 1
[    0.430845] RPC: Registered named UNIX socket transport module.
[    0.431102] RPC: Registered udp transport module.
[    0.431239] RPC: Registered tcp transport module.
[    0.431390] RPC: Registered tcp NFSv4.1 backchannel transport module.
[    0.431661] pci 0000:00:00.0: Limiting direct PCI/PCI transfers
[    0.431897] pci 0000:00:01.0: PIIX3: Enabling Passive Release
[    0.432233] pci 0000:00:01.0: Activating ISA DMA hang workarounds
[    0.439416] microcode: CPU0 sig=0x633, pf=0x0, revision=0x0
[    0.440106] microcode: Microcode Update Driver: v2.00 <tigran@aivazian.fsnet.co.uk>, Peter Oruba
[    0.465389] HugeTLB registered 4 MB page size, pre-allocated 0 pages
[    0.499925] VFS: Disk quotas dquot_6.5.2
[    0.500865] Dquot-cache hash table entries: 1024 (order 0, 4096 bytes)
[    0.509997] msgmni has been set to 233
[    0.513642] Block layer SCSI generic (bsg) driver version 0.4 loaded (major 253)
[    0.513892] io scheduler noop registered
[    0.514117] io scheduler deadline registered
[    0.514321] io scheduler cfq registered (default)
[    0.516360] pci_hotplug: PCI Hot Plug PCI Core version: 0.5
[    0.519019] input: Power Button as /devices/LNXSYSTM:00/LNXPWRBN:00/input/input0
[    0.519709] ACPI: Power Button [PWRF]
[    0.531181] Serial: 8250/16550 driver, 4 ports, IRQ sharing enabled
ÿ[    0.799346] serial8250: ttyS0 at I/O 0x3f8 (irq = 4) is a 16550A
[    0.834844] 00:06: ttyS0 at I/O 0x3f8 (irq = 4) is a 16550A
[    0.838780] Non-volatile memory driver v1.3
[    0.839261] Linux agpgart interface v0.103
[    0.841682] [drm] Initialized drm 1.1.0 20060810
[    0.841901] [drm:i915_init] *ERROR* drm/i915 can't work without intel_agp module!
[    0.860241] brd: module loaded
[    0.865125] kworker/u:1 used greatest stack depth: 6976 bytes left
[    0.869900] loop: module loaded
[    0.879485] scsi0 : ata_piix
[    0.881663] scsi1 : ata_piix
[    0.882655] ata1: PATA max MWDMA2 cmd 0x1f0 ctl 0x3f6 bmdma 0xc000 irq 14
[    0.882881] ata2: PATA max MWDMA2 cmd 0x170 ctl 0x376 bmdma 0xc008 irq 15
[    0.888766] e100: Intel(R) PRO/100 Network Driver, 3.5.24-k2-NAPI
[    0.888966] e100: Copyright(c) 1999-2006 Intel Corporation
[    0.889602] e1000: Intel(R) PRO/1000 Network Driver - version 7.3.21-k8-NAPI
[    0.889795] e1000: Copyright (c) 1999-2006 Intel Corporation.
[    0.890588] e1000e: Intel(R) PRO/1000 Network Driver - 1.5.1-k
[    0.890751] e1000e: Copyright(c) 1999 - 2011 Intel Corporation.
[    0.891358] sky2: driver version 1.30
[    0.892264] 8139too: 8139too Fast Ethernet driver 0.9.28
[    0.892476] 8139too 0000:00:03.0: This (id 10ec:8139 rev 20) is an enhanced 8139C+ chip, use 8139cp
[    0.895146] ehci_hcd: USB 2.0 'Enhanced' Host Controller (EHCI) Driver
[    0.895872] ohci_hcd: USB 1.1 'Open' Host Controller (OHCI) Driver
[    0.896751] uhci_hcd: USB Universal Host Controller Interface driver
[    0.897876] usbcore: registered new interface driver usblp
[    0.898189] Initializing USB Mass Storage driver...
[    0.898658] usbcore: registered new interface driver usb-storage
[    0.898947] USB Mass Storage support registered.
[    0.899558] usbcore: registered new interface driver libusual
[    0.900793] i8042: PNP: PS/2 Controller [PNP0303:KBD,PNP0f13:MOU] at 0x60,0x64 irq 1,12
[    0.903072] serio: i8042 KBD port at 0x60,0x64 irq 1
[    0.903353] serio: i8042 AUX port at 0x60,0x64 irq 12
[    0.905712] mousedev: PS/2 mouse device common for all mice
[    0.908732] input: AT Translated Set 2 keyboard as /devices/platform/i8042/serio0/input/input1
[    0.913477] rtc_cmos 00:01: rtc core: registered rtc_cmos as rtc0
[    0.913986] rtc0: alarms up to one day, 114 bytes nvram, hpet irqs
[    0.916919] device-mapper: ioctl: 4.22.0-ioctl (2011-10-19) initialised: dm-devel@redhat.com
[    0.917994] cpuidle: using governor ladder
[    0.918263] cpuidle: using governor menu
[    0.918402] EFI Variables Facility v0.08 2004-May-17
[    0.927017] usbcore: registered new interface driver usbhid
[    0.927288] usbhid: USB HID core driver
[    0.935918] ALSA device list:
[    0.936109]   No soundcards found.
[    0.936549] Netfilter messages via NETLINK v0.30.
[    0.936934] nf_conntrack version 0.5.0 (1871 buckets, 7484 max)
[    0.939150] ctnetlink v0.93: registering with nfnetlink.
[    0.942576] ip_tables: (C) 2000-2006 Netfilter Core Team
[    0.944376] TCP cubic registered
[    0.944490] Initializing XFRM netlink socket
[    0.947507] NET: Registered protocol family 10
[    0.952873] ip6_tables: (C) 2000-2006 Netfilter Core Team
[    0.954080] IPv6 over IPv4 tunneling driver
[    0.958445] NET: Registered protocol family 17
[    0.958778] Registering the dns_resolver key type
[    0.959562] Using IPI No-Shortcut mode
[    0.961412] registered taskstats version 1
[    0.962684]   Magic number: 8:952:886
[    0.963131] console [netcon0] enabled
[    0.963252] netconsole: network logging started
[    1.045495] ata2.00: ATAPI: QEMU DVD-ROM, 0.13.0, max UDMA/100
[    1.049210] ata1.00: ATA-7: QEMU HARDDISK, 0.13.0, max UDMA/100
[    1.049405] ata1.00: 0 sectors, multi 16: LBA 
[    1.050137] ata1.00: configured for MWDMA2
[    1.055174] ata2.00: configured for MWDMA2
[    1.056685] scsi 0:0:0:0: Direct-Access     ATA      QEMU HARDDISK    0.13 PQ: 0 ANSI: 5
[    1.060445] sd 0:0:0:0: [sda] 0 512-byte logical blocks: (0 B/0 B)
[    1.061706] sd 0:0:0:0: [sda] Write Protect is off
[    1.062311] sd 0:0:0:0: [sda] Write cache: disabled, read cache: enabled, doesn't support DPO or FUA
[    1.065225] sd 0:0:0:0: Attached scsi generic sg0 type 0
[    1.067827] sd 0:0:0:0: [sda] Attached SCSI disk
[    1.069652] scsi 1:0:0:0: CD-ROM            QEMU     QEMU DVD-ROM     0.13 PQ: 0 ANSI: 5
[    1.073295] sr0: scsi3-mmc drive: 4x/4x xa/form2 tray
[    1.073534] cdrom: Uniform CD-ROM driver Revision: 3.20
[    1.076994] kworker/u:1 used greatest stack depth: 6952 bytes left
[    1.077329] sr 1:0:0:0: Attached scsi generic sg1 type 5
[    1.117258] input: ImExPS/2 Generic Explorer Mouse as /devices/platform/i8042/serio1/input/input2
[    1.122436] kworker/u:0 used greatest stack depth: 6932 bytes left
[    1.124721] md: Waiting for all devices to be available before autodetect
[    1.125553] md: If you don't use raid, use raid=noautodetect
[    1.134755] md: Autodetecting RAID arrays.
[    1.135553] md: Scanned 0 and added 0 devices.
[    1.135944] md: autorun ...
[    1.136624] md: ... autorun DONE.
[    1.140130] Root-NFS: no NFS server address
[    1.140261] VFS: Unable to mount root fs via NFS, trying floppy.
[    1.141716] VFS: Cannot open root device "(null)" or unknown-block(2,0)
[    1.141904] Please append a correct "root=" boot option; here are the available partitions:
[    1.142463] 0b00         1048575 sr0  driver: sr
[    1.142608] Kernel panic - not syncing: VFS: Unable to mount root fs on unknown-block(2,0)
[    1.142824] Pid: 1, comm: swapper/0 Not tainted 3.2.9+ #17
[    1.142934] Call Trace:
[    1.143337]  [<c15e633b>] panic+0x57/0x157
[    1.143452]  [<c1848bf5>] mount_block_root+0x125/0x1ac
[    1.143552]  [<c10f5d27>] ? sys_mknod+0x27/0x30
[    1.143634]  [<c1848d53>] mount_root+0xd7/0xdf
[    1.143754]  [<c184a147>] ? md_run_setup+0x92/0x98
[    1.143905]  [<c1848ea9>] prepare_namespace+0x14e/0x188
[    1.144125]  [<c10e6df0>] ? sys_access+0x20/0x30
[    1.144267]  [<c184832d>] kernel_init+0x131/0x13f
[    1.144420]  [<c18481fc>] ? parse_early_options+0x25/0x25
[    1.144573]  [<c15ef336>] kernel_thread_helper+0x6/0xd
